Should fail

/** Declarations **/
[]

/** Errors **/
[
  {
    "file_name": "fake file name.fool",
    "line": 1,
    "error_type": "Unrecognized statement",
    "expected": null,
    "actual": null,
    "snippet": "frazzle:",
    "suggestion": "I could not figure out this statement. Sorry that I can't give you a more useful error message. Perhaps you need to make Fools smarter?"
  },
  {
    "file_name": "fake file name.fool",
    "line": 1,
    "error_type": "Failed to parse 'program'.",
    "expected": null,
    "actual": null,
    "snippet": null,
    "suggestion": "Hopefully I also gave you some more specific error messages. Try fixing those first."
  }
]
