/** Declarations **/

[
  {
    "name": "funky_function",
    "body": []
  }
]
