Should pass

/** Declarations **/
[
  {
    "condition": "foo",
    "body_when_true": [
      {
        "l_value": "a",
        "expression": "b"
      }
    ]
  },
  {
    "l_value": "c",
    "expression": "a"
  }
]

/** Errors **/
[]
