/** Errors **/

[
  {
    "file_name": "fake file name.fool",
    "line": 3,
    "error_type": "Inconsistent indentation",
    "expected": 0,
    "actual": 1,
    "snippet": "\ta = b"
  }
]
