Should fail

/** Declarations **/
[]

/** Errors **/
[
  {
    "file_name": "fake file name.fool",
    "line": 2,
    "error_type": "Block without a body",
    "expected": null,
    "actual": null,
    "snippet": "a=b",
    "suggestion": "This block appears to have no body. If you are meaning to state an empty block, please use an explicit pass statement as the block's body."
  }
]
