Should pass

/** Declarations **/
[
  {
    "name": "foo",
    "body": [
      {
        "l_value": "a",
        "expression": "b"
      }
    ]
  }
]

/** Errors **/
[]
